{
  "company_123": {
    "name": "テスト会社",
    "status": "saving_user_list",
    "employees": [
      {
        "id": 1,
        "name": "田中太郎",
        "department": "開発部"
      },
      {
        "id": 2,
        "name": "佐藤花子",
        "department": "営業部"
      }
    ],
    "metadata": {
      "created_at": "2024-01-01",
      "version": 2,
      "tags": ["important", "active"],
      "settings": {
        "notifications": true,
        "backup_enabled": false
      }
    }
  },
  "company_456": {
    "name": "サンプル株式会社",
    "status": "processing",
    "employees": [],
    "metadata": {
      "created_at": "2024-01-02",
      "version": 1,
      "tags": ["new"],
      "settings": {
        "notifications": false,
        "backup_enabled": true
      }
    }
  },
  "global_config": {
    "system_version": "1.0.0",
    "features": {
      "nested_modification": true,
      "auto_save": true,
      "deep_nesting": {
        "level1": {
          "level2": {
            "level3": {
              "value": "deep_value_modified",
              "timestamp": "2024-01-01T10:00:00"
            }
          }
        }
      }
    },
    "limits": {
      "max_companies": 1000,
      "max_employees_per_company": 500
    }
  },
  "statistics": {
    "total_companies": 2,
    "total_employees": 2,
    "last_updated": "2024-01-01T12:00:00",
    "performance_metrics": {
      "avg_response_time": 0.05,
      "cache_hit_rate": 0.95,
      "error_count": 0
    }
  },
  "test_data_types": {
    "string_value": "テスト文字列",
    "integer_value": 42,
    "float_value": 3.14159,
    "boolean_true": true,
    "boolean_false": false,
    "null_value": null,
    "empty_string": "",
    "empty_list": [],
    "empty_dict": {},
    "unicode_text": "🚀 Unicode テスト 📊"
  }
} 